
dune_@DESKTOP-Q1J2LIH MINGW64 ~ (master)
$ pwd
/c/Users/dune_

dune_@DESKTOP-Q1J2LIH MINGW64 ~ (master)
$ cd /c/users/dune_/desktop/cucamonga

dune_@DESKTOP-Q1J2LIH MINGW64 /c/users/dune_/desktop/cucamonga (master)
$ git init
Initialized empty Git repository in C:/Users/dune_/Desktop/cucamonga/.git/

dune_@DESKTOP-Q1J2LIH MINGW64 /c/users/dune_/desktop/cucamonga (master)
$ git status
On branch master

No commits yet

Untracked files:
  (use "git add <file>..." to include in what will be committed)

        hello.txt

nothing added to commit but untracked files present (use "git add" to track)

dune_@DESKTOP-Q1J2LIH MINGW64 /c/users/dune_/desktop/cucamonga (master)
$ git add hello.txt

dune_@DESKTOP-Q1J2LIH MINGW64 /c/users/dune_/desktop/cucamonga (master)
$ git status
On branch master

No commits yet

Changes to be committed:
  (use "git rm --cached <file>..." to unstage)

        new file:   hello.txt


dune_@DESKTOP-Q1J2LIH MINGW64 /c/users/dune_/desktop/cucamonga (master)
$ ls -l
total 0
-rw-r--r-- 1 dune_ 197609 0 mar.  5 15:25 hello.txt

dune_@DESKTOP-Q1J2LIH MINGW64 /c/users/dune_/desktop/cucamonga (master)
$ git add .

dune_@DESKTOP-Q1J2LIH MINGW64 /c/users/dune_/desktop/cucamonga (master)
$ git commit -m 'oruga'
[master (root-commit) 527a474] oruga
 1 file changed, 0 insertions(+), 0 deletions(-)
 create mode 100644 hello.txt

dune_@DESKTOP-Q1J2LIH MINGW64 /c/users/dune_/desktop/cucamonga (master)
$ git remote add origin https://github.com/dune0/puflito.git

dune_@DESKTOP-Q1J2LIH MINGW64 /c/users/dune_/desktop/cucamonga (master)
$ git push -u origin master
Counting objects: 3, done.
Writing objects: 100% (3/3), 206 bytes | 68.00 KiB/s, done.
Total 3 (delta 0), reused 0 (delta 0)
To https://github.com/dune0/puflito.git
 * [new branch]      master -> master
Branch 'master' set up to track remote branch 'master' from 'origin'.

dune_@DESKTOP-Q1J2LIH MINGW64 /c/users/dune_/desktop/cucamonga (master)
$ git status
On branch master
Your branch is up to date with 'origin/master'.

nothing to commit, working tree clean

dune_@DESKTOP-Q1J2LIH MINGW64 /c/users/dune_/desktop/cucamonga (master)
$

